data/breakfast-at-the-frat/subsets/incomplete/3800039118-17599-incomplete.csv
"WEEK_END_DATE","STORE_NUM","UPC","UNITS","VISITS","HHS","SPEND","PRICE","BASE_PRICE","FEATURE","DISPLAY","TPR_ONLY","WEEK_END_DATE_2","YEAR","MONTH","DAY_OF_MONTH","ABS_DISCOUNT","REL_DISCOUNT"
"14-01-2009",17599,3800039118,41,37,37,109.47,2.67,2.99,1,1,0,2009-01-14,2009,1,14,-0.32,-0.107023411371238
"21-01-2009",17599,3800039118,20,20,19,54,2.7,2.99,1,1,0,2009-01-21,2009,1,21,-0.29,-0.096989966555184
"28-01-2009",17599,3800039118,33,31,30,70.29,2.13,2.99,0,1,0,2009-01-28,2009,1,28,-0.86,-0.287625418060201
"04-02-2009",17599,3800039118,15,15,15,30,2,2.99,0,1,0,2009-02-04,2009,2,4,-0.99,-0.331103678929766
"11-02-2009",17599,3800039118,9,8,8,26.91,2.99,2.99,0,0,0,2009-02-11,2009,2,11,0,0
"18-02-2009",17599,3800039118,4,4,4,11.96,2.99,2.99,0,0,0,2009-02-18,2009,2,18,0,0
"25-02-2009",17599,3800039118,10,10,10,29.9,2.99,2.99,0,0,0,2009-02-25,2009,2,25,0,0
"04-03-2009",17599,3800039118,6,6,6,17.94,2.99,2.99,0,0,0,2009-03-04,2009,3,4,0,0
"11-03-2009",17599,3800039118,3,3,3,8.97,2.99,2.99,0,0,0,2009-03-11,2009,3,11,0,0
"18-03-2009",17599,3800039118,86,70,69,215,2.5,2.99,1,1,0,2009-03-18,2009,3,18,-0.49,-0.163879598662207
"25-03-2009",17599,3800039118,80,70,69,200,2.5,2.99,1,1,0,2009-03-25,2009,3,25,-0.49,-0.163879598662207
"01-04-2009",17599,3800039118,13,13,13,32.37,2.49,2.99,0,0,1,2009-04-01,2009,4,1,-0.5,-0.167224080267559
"08-04-2009",17599,3800039118,10,10,10,29.4,2.94,2.99,0,1,0,2009-04-08,2009,4,8,-0.0500000000000003,-0.0167224080267559
"15-04-2009",17599,3800039118,8,8,8,23.92,2.99,2.99,0,0,0,2009-04-15,2009,4,15,0,0
"22-04-2009",17599,3800039118,10,10,9,29.9,2.99,2.99,0,0,0,2009-04-22,2009,4,22,0,0
"29-04-2009",17599,3800039118,5,5,5,14.95,2.99,2.99,0,0,0,2009-04-29,2009,4,29,0,0
"06-05-2009",17599,3800039118,9,9,9,26.91,2.99,2.99,0,0,0,2009-05-06,2009,5,6,0,0
"13-05-2009",17599,3800039118,9,9,9,26.91,2.99,2.99,0,0,0,2009-05-13,2009,5,13,0,0
"20-05-2009",17599,3800039118,15,14,14,44.85,2.99,2.99,0,0,0,2009-05-20,2009,5,20,0,0
"27-05-2009",17599,3800039118,13,13,13,38.87,2.99,2.99,0,0,0,2009-05-27,2009,5,27,0,0
"03-06-2009",17599,3800039118,21,20,18,62.79,2.99,2.99,0,0,0,2009-06-03,2009,6,3,0,0
"10-06-2009",17599,3800039118,44,38,37,110.88,2.52,2.99,1,1,0,2009-06-10,2009,6,10,-0.47,-0.157190635451505
"17-06-2009",17599,3800039118,64,60,60,160,2.5,2.99,1,1,0,2009-06-17,2009,6,17,-0.49,-0.163879598662207
"24-06-2009",17599,3800039118,18,18,18,53.82,2.99,2.99,0,0,0,2009-06-24,2009,6,24,0,0
"01-07-2009",17599,3800039118,10,10,10,29.9,2.99,2.99,0,0,0,2009-07-01,2009,7,1,0,0
"08-07-2009",17599,3800039118,26,26,25,77.74,2.99,2.99,0,0,0,2009-07-08,2009,7,8,0,0
"15-07-2009",17599,3800039118,20,19,19,59.8,2.99,2.99,0,0,0,2009-07-15,2009,7,15,0,0
"22-07-2009",17599,3800039118,11,11,11,32.89,2.99,2.99,0,0,0,2009-07-22,2009,7,22,0,0
"29-07-2009",17599,3800039118,7,7,7,20.93,2.99,2.99,0,0,0,2009-07-29,2009,7,29,0,0
"05-08-2009",17599,3800039118,13,13,13,38.87,2.99,2.99,0,0,0,2009-08-05,2009,8,5,0,0
"12-08-2009",17599,3800039118,16,15,15,47.84,2.99,2.99,0,0,0,2009-08-12,2009,8,12,0,0
"19-08-2009",17599,3800039118,204,151,147,507.96,2.49,2.99,1,1,0,2009-08-19,2009,8,19,-0.5,-0.167224080267559
"26-08-2009",17599,3800039118,34,32,32,82.96,2.44,2.99,0,1,0,2009-08-26,2009,8,26,-0.55,-0.183946488294314
"02-09-2009",17599,3800039118,9,9,9,22.5,2.5,2.99,0,1,0,2009-09-02,2009,9,2,-0.49,-0.163879598662207
"09-09-2009",17599,3800039118,13,13,13,33.15,2.55,2.99,0,0,1,2009-09-09,2009,9,9,-0.44,-0.147157190635452
"16-09-2009",17599,3800039118,16,16,15,51.04,3.19,3.19,0,0,0,2009-09-16,2009,9,16,0,0
"23-09-2009",17599,3800039118,12,12,12,38.28,3.19,3.19,0,0,0,2009-09-23,2009,9,23,0,0
"30-09-2009",17599,3800039118,10,10,10,31.9,3.19,3.19,0,0,0,2009-09-30,2009,9,30,0,0
"07-10-2009",17599,3800039118,16,16,15,51.04,3.19,3.19,0,0,0,2009-10-07,2009,10,7,0,0
"14-10-2009",17599,3800039118,12,12,12,38.28,3.19,3.19,0,0,0,2009-10-14,2009,10,14,0,0
"21-10-2009",17599,3800039118,6,6,6,19.14,3.19,3.19,0,0,0,2009-10-21,2009,10,21,0,0
"28-10-2009",17599,3800039118,11,11,11,35.09,3.19,3.19,0,0,0,2009-10-28,2009,10,28,0,0
"04-11-2009",17599,3800039118,15,15,15,47.85,3.19,3.19,0,0,0,2009-11-04,2009,11,4,0,0
"11-11-2009",17599,3800039118,7,7,7,22.33,3.19,3.19,0,0,0,2009-11-11,2009,11,11,0,0
"18-11-2009",17599,3800039118,19,17,17,60.61,3.19,3.19,0,0,0,2009-11-18,2009,11,18,0,0
"25-11-2009",17599,3800039118,32,30,30,81.28,2.54,3.19,1,0,0,2009-11-25,2009,11,25,-0.65,-0.203761755485893
"02-12-2009",17599,3800039118,28,22,22,70.56,2.52,3.19,1,0,0,2009-12-02,2009,12,2,-0.67,-0.210031347962382
"09-12-2009",17599,3800039118,221,157,153,366.86,1.66,3.19,1,0,0,2009-12-09,2009,12,9,-1.53,-0.479623824451411
"16-12-2009",17599,3800039118,46,45,45,109.02,2.37,3.19,0,1,0,2009-12-16,2009,12,16,-0.82,-0.25705329153605
"23-12-2009",17599,3800039118,19,19,19,47.5,2.5,3.19,0,1,0,2009-12-23,2009,12,23,-0.69,-0.216300940438871
"30-12-2009",17599,3800039118,50,37,35,93.5,1.87,3.19,0,1,0,2009-12-30,2009,12,30,-1.32,-0.413793103448276
"06-01-2010",17599,3800039118,12,12,12,37.56,3.13,3.13,0,0,0,2010-01-06,2010,1,6,0,0
"13-01-2010",17599,3800039118,11,11,11,35.09,3.19,3.19,0,0,0,2010-01-13,2010,1,13,0,0
"20-01-2010",17599,3800039118,16,15,15,51.04,3.19,3.19,0,0,0,2010-01-20,2010,1,20,0,0
"27-01-2010",17599,3800039118,8,8,8,25.52,3.19,3.19,0,0,0,2010-01-27,2010,1,27,0,0
"03-02-2010",17599,3800039118,12,12,11,38.28,3.19,3.19,0,0,0,2010-02-03,2010,2,3,0,0
"10-02-2010",17599,3800039118,15,15,15,47.85,3.19,3.19,0,0,0,2010-02-10,2010,2,10,0,0
"17-02-2010",17599,3800039118,14,14,13,44.66,3.19,3.19,0,0,0,2010-02-17,2010,2,17,0,0
"24-02-2010",17599,3800039118,14,13,13,44.66,3.19,3.19,0,0,0,2010-02-24,2010,2,24,0,0
"03-03-2010",17599,3800039118,162,132,128,405,2.5,3.19,1,1,0,2010-03-03,2010,3,3,-0.69,-0.216300940438871
"10-03-2010",17599,3800039118,12,11,11,38.28,3.19,3.19,0,0,0,2010-03-10,2010,3,10,0,0
"17-03-2010",17599,3800039118,13,12,12,41.47,3.19,3.19,0,0,0,2010-03-17,2010,3,17,0,0
"24-03-2010",17599,3800039118,11,11,11,35.09,3.19,3.19,0,0,0,2010-03-24,2010,3,24,0,0
"31-03-2010",17599,3800039118,7,7,7,22.33,3.19,3.19,0,0,0,2010-03-31,2010,3,31,0,0
"07-04-2010",17599,3800039118,9,8,8,28.71,3.19,3.19,0,0,0,2010-04-07,2010,4,7,0,0
"14-04-2010",17599,3800039118,14,14,14,44.66,3.19,3.19,0,0,0,2010-04-14,2010,4,14,0,0
"21-04-2010",17599,3800039118,7,9,9,22.33,3.19,3.19,0,0,0,2010-04-21,2010,4,21,0,0
"28-04-2010",17599,3800039118,119,112,110,234.43,1.97,3.19,1,1,0,2010-04-28,2010,4,28,-1.22,-0.382445141065831
"05-05-2010",17599,3800039118,119,111,111,234.43,1.97,3.19,1,1,0,2010-05-05,2010,5,5,-1.22,-0.382445141065831
"12-05-2010",17599,3800039118,162,142,137,319.14,1.97,3.19,1,1,0,2010-05-12,2010,5,12,-1.22,-0.382445141065831
"19-05-2010",17599,3800039118,118,111,111,232.46,1.97,3.19,1,1,0,2010-05-19,2010,5,19,-1.22,-0.382445141065831
"26-05-2010",17599,3800039118,19,18,18,39.9,2.1,3.19,0,1,0,2010-05-26,2010,5,26,-1.09,-0.341692789968652
"02-06-2010",17599,3800039118,15,15,15,47.85,3.19,3.19,0,0,0,2010-06-02,2010,6,2,0,0
"09-06-2010",17599,3800039118,27,25,25,86.13,3.19,3.19,0,0,0,2010-06-09,2010,6,9,0,0
"16-06-2010",17599,3800039118,43,41,39,113.52,2.64,3.19,0,0,1,2010-06-16,2010,6,16,-0.55,-0.172413793103448
"23-06-2010",17599,3800039118,17,17,17,42.5,2.5,3.19,0,0,1,2010-06-23,2010,6,23,-0.69,-0.216300940438871
"30-06-2010",17599,3800039118,7,7,7,21.63,3.09,3.09,0,0,0,2010-06-30,2010,6,30,0,0
"21-07-2010",17599,3800039118,9,9,9,28.71,3.19,3.19,0,0,0,2010-07-21,2010,7,21,0,0
"28-07-2010",17599,3800039118,17,17,17,54.23,3.19,3.19,0,0,0,2010-07-28,2010,7,28,0,0
"04-08-2010",17599,3800039118,14,14,13,44.66,3.19,3.19,0,0,0,2010-08-04,2010,8,4,0,0
"11-08-2010",17599,3800039118,16,16,16,52.96,3.31,3.31,0,0,0,2010-08-11,2010,8,11,0,0
"18-08-2010",17599,3800039118,14,14,14,46.34,3.31,3.31,0,0,0,2010-08-18,2010,8,18,0,0
"25-08-2010",17599,3800039118,11,11,11,36.41,3.31,3.31,0,0,0,2010-08-25,2010,8,25,0,0
"01-09-2010",17599,3800039118,3,3,3,9.93,3.31,3.31,0,0,0,2010-09-01,2010,9,1,0,0
"08-09-2010",17599,3800039118,8,8,8,26.48,3.31,3.31,0,0,0,2010-09-08,2010,9,8,0,0
"15-09-2010",17599,3800039118,6,6,6,19.86,3.31,3.31,0,0,0,2010-09-15,2010,9,15,0,0
"22-09-2010",17599,3800039118,5,5,4,16.55,3.31,3.31,0,0,0,2010-09-22,2010,9,22,0,0
"29-09-2010",17599,3800039118,9,9,9,29.79,3.31,3.31,0,0,0,2010-09-29,2010,9,29,0,0
"06-10-2010",17599,3800039118,5,5,5,16.55,3.31,3.31,0,0,0,2010-10-06,2010,10,6,0,0
"13-10-2010",17599,3800039118,96,85,82,191.04,1.99,3.31,1,1,0,2010-10-13,2010,10,13,-1.32,-0.398791540785498
"20-10-2010",17599,3800039118,79,65,65,156.42,1.98,3.31,1,1,0,2010-10-20,2010,10,20,-1.33,-0.401812688821752
"27-10-2010",17599,3800039118,11,11,11,36.41,3.31,3.31,0,0,0,2010-10-27,2010,10,27,0,0
"03-11-2010",17599,3800039118,11,11,11,36.41,3.31,3.31,0,0,0,2010-11-03,2010,11,3,0,0
"10-11-2010",17599,3800039118,11,11,11,36.41,3.31,3.31,0,0,0,2010-11-10,2010,11,10,0,0
"17-11-2010",17599,3800039118,14,14,14,46.34,3.31,3.31,0,0,0,2010-11-17,2010,11,17,0,0
"24-11-2010",17599,3800039118,10,10,10,33.1,3.31,3.31,0,0,0,2010-11-24,2010,11,24,0,0
"01-12-2010",17599,3800039118,8,8,8,26.48,3.31,3.31,0,0,0,2010-12-01,2010,12,1,0,0
"08-12-2010",17599,3800039118,9,9,9,28.17,3.13,3.13,0,0,0,2010-12-08,2010,12,8,0,0
"15-12-2010",17599,3800039118,19,15,15,62.89,3.31,3.31,0,0,0,2010-12-15,2010,12,15,0,0
"22-12-2010",17599,3800039118,7,6,6,23.17,3.31,3.31,0,0,0,2010-12-22,2010,12,22,0,0
"29-12-2010",17599,3800039118,10,10,10,33.1,3.31,3.31,0,0,0,2010-12-29,2010,12,29,0,0
"05-01-2011",17599,3800039118,16,16,16,52.96,3.31,3.31,0,0,0,2011-01-05,2011,1,5,0,0
"12-01-2011",17599,3800039118,25,24,24,82.75,3.31,3.31,0,0,0,2011-01-12,2011,1,12,0,0
"19-01-2011",17599,3800039118,17,16,14,56.27,3.31,3.31,0,0,0,2011-01-19,2011,1,19,0,0
"26-01-2011",17599,3800039118,9,9,9,29.79,3.31,3.31,0,0,0,2011-01-26,2011,1,26,0,0
"02-02-2011",17599,3800039118,80,73,71,200,2.5,3.31,1,1,0,2011-02-02,2011,2,2,-0.81,-0.244712990936556
"09-02-2011",17599,3800039118,76,71,70,189.24,2.49,3.31,1,1,0,2011-02-09,2011,2,9,-0.82,-0.24773413897281
"16-02-2011",17599,3800039118,12,12,12,39,3.25,3.25,0,0,0,2011-02-16,2011,2,16,0,0
"23-02-2011",17599,3800039118,9,9,9,29.79,3.31,3.31,0,0,0,2011-02-23,2011,2,23,0,0
"02-03-2011",17599,3800039118,19,14,14,62.89,3.31,3.31,0,0,0,2011-03-02,2011,3,2,0,0
"09-03-2011",17599,3800039118,15,12,12,49.65,3.31,3.31,0,0,0,2011-03-09,2011,3,9,0,0
"16-03-2011",17599,3800039118,13,13,13,43.03,3.31,3.31,0,0,0,2011-03-16,2011,3,16,0,0
"23-03-2011",17599,3800039118,10,10,10,33.1,3.31,3.31,0,0,0,2011-03-23,2011,3,23,0,0
"30-03-2011",17599,3800039118,66,58,58,177.54,2.69,3.31,1,1,0,2011-03-30,2011,3,30,-0.62,-0.187311178247734
"06-04-2011",17599,3800039118,10,10,10,32.5,3.25,3.25,0,0,0,2011-04-06,2011,4,6,0,0
"13-04-2011",17599,3800039118,6,6,6,19.86,3.31,3.31,0,0,0,2011-04-13,2011,4,13,0,0
"20-04-2011",17599,3800039118,4,4,4,13.24,3.31,3.31,0,0,0,2011-04-20,2011,4,20,0,0
"27-04-2011",17599,3800039118,15,15,15,49.65,3.31,3.31,0,0,0,2011-04-27,2011,4,27,0,0
"04-05-2011",17599,3800039118,133,113,110,264.67,1.99,3.31,1,1,0,2011-05-04,2011,5,4,-1.32,-0.398791540785498
"11-05-2011",17599,3800039118,51,45,45,100.98,1.98,3.31,0,0,1,2011-05-11,2011,5,11,-1.33,-0.401812688821752
"18-05-2011",17599,3800039118,90,77,77,179.1,1.99,3.31,1,0,0,2011-05-18,2011,5,18,-1.32,-0.398791540785498
"25-05-2011",17599,3800039118,61,54,54,122,2,3.31,1,0,0,2011-05-25,2011,5,25,-1.31,-0.395770392749245
"01-06-2011",17599,3800039118,8,7,7,26.48,3.31,3.31,0,0,0,2011-06-01,2011,6,1,0,0
"08-06-2011",17599,3800039118,6,6,6,19.86,3.31,3.31,0,0,0,2011-06-08,2011,6,8,0,0
"15-06-2011",17599,3800039118,12,12,12,39.72,3.31,3.31,0,0,0,2011-06-15,2011,6,15,0,0
"22-06-2011",17599,3800039118,22,20,20,65.56,2.98,3.31,0,0,1,2011-06-22,2011,6,22,-0.33,-0.0996978851963746
"29-06-2011",17599,3800039118,22,22,22,66.44,3.02,3.02,0,0,0,2011-06-29,2011,6,29,0,0
"06-07-2011",17599,3800039118,10,10,10,31.5,3.15,3.15,0,0,0,2011-07-06,2011,7,6,0,0
"13-07-2011",17599,3800039118,5,5,5,16.55,3.31,3.31,0,0,0,2011-07-13,2011,7,13,0,0
"20-07-2011",17599,3800039118,93,86,85,185.07,1.99,3.31,1,1,0,2011-07-20,2011,7,20,-1.32,-0.398791540785498
"27-07-2011",17599,3800039118,74,70,70,148.74,2.01,3.31,1,1,0,2011-07-27,2011,7,27,-1.3,-0.392749244712991
"03-08-2011",17599,3800039118,10,10,10,33.1,3.31,3.31,0,0,0,2011-08-03,2011,8,3,0,0
"10-08-2011",17599,3800039118,18,18,18,59.58,3.31,3.31,0,0,0,2011-08-10,2011,8,10,0,0
"17-08-2011",17599,3800039118,7,7,7,23.17,3.31,3.31,0,0,0,2011-08-17,2011,8,17,0,0
"24-08-2011",17599,3800039118,2,2,2,6.62,3.31,3.31,0,0,0,2011-08-24,2011,8,24,0,0
"31-08-2011",17599,3800039118,1,1,1,3.31,3.31,3.31,0,0,0,2011-08-31,2011,8,31,0,0
"07-09-2011",17599,3800039118,10,10,10,33.1,3.31,3.31,0,0,0,2011-09-07,2011,9,7,0,0
"14-09-2011",17599,3800039118,4,4,3,13.32,3.33,3.33,0,0,0,2011-09-14,2011,9,14,0,0
"21-09-2011",17599,3800039118,6,6,6,20.28,3.38,3.38,0,0,0,2011-09-21,2011,9,21,0,0
"28-09-2011",17599,3800039118,6,6,6,20.28,3.38,3.38,0,0,0,2011-09-28,2011,9,28,0,0
"05-10-2011",17599,3800039118,4,4,4,13.52,3.38,3.38,0,0,0,2011-10-05,2011,10,5,0,0
"12-10-2011",17599,3800039118,9,9,9,30.42,3.38,3.38,0,0,0,2011-10-12,2011,10,12,0,0
"19-10-2011",17599,3800039118,10,10,10,33.8,3.38,3.38,0,0,0,2011-10-19,2011,10,19,0,0
"26-10-2011",17599,3800039118,5,5,5,16.9,3.38,3.38,0,0,0,2011-10-26,2011,10,26,0,0
"02-11-2011",17599,3800039118,51,50,49,144.33,2.83,3.38,1,1,0,2011-11-02,2011,11,2,-0.55,-0.162721893491124
"09-11-2011",17599,3800039118,3,3,3,10.14,3.38,3.38,0,0,0,2011-11-09,2011,11,9,0,0
"16-11-2011",17599,3800039118,5,5,5,16.9,3.38,3.38,0,0,0,2011-11-16,2011,11,16,0,0
"23-11-2011",17599,3800039118,9,9,9,30.42,3.38,3.38,0,0,0,2011-11-23,2011,11,23,0,0
"30-11-2011",17599,3800039118,9,9,9,30.42,3.38,3.38,0,0,0,2011-11-30,2011,11,30,0,0
"07-12-2011",17599,3800039118,135,129,125,270,2,3.38,1,1,0,2011-12-07,2011,12,7,-1.38,-0.408284023668639
"14-12-2011",17599,3800039118,103,96,96,204.97,1.99,3.38,1,0,0,2011-12-14,2011,12,14,-1.39,-0.411242603550296
"21-12-2011",17599,3800039118,9,9,9,30.42,3.38,3.38,0,0,0,2011-12-21,2011,12,21,0,0
"28-12-2011",17599,3800039118,8,8,8,27.04,3.38,3.38,0,0,0,2011-12-28,2011,12,28,0,0
"04-01-2012",17599,3800039118,18,17,17,59.22,3.29,3.29,0,0,0,2012-01-04,2012,1,4,0,0
